// Jest Snapshot v1, https://goo.gl/fbAQLP

exports[`should render correctly 1`] = `
<div
  className="calendar-container"
  data-testid="calendar-container"
>
  <div
    data-testid="calendar-button"
    role="button"
  >
    <button
      data-testid="calendar-left-button"
      id="left-button-div"
      onClick={[Function]}
    >
      left
    </button>
    <span />
  </div>
  <h3
    className="calendar-header"
    data-testid="calendar-header"
  >
    November
     
    2018
  </h3>
  <table
    className="calendar-table"
    data-testid="calendar-table"
  >
    <th
      data-testid="calendar-table-th-Su"
    >
      Su
    </th>
    <th
      data-testid="calendar-table-th-Mo"
    >
      Mo
    </th>
    <th
      data-testid="calendar-table-th-Tu"
    >
      Tu
    </th>
    <th
      data-testid="calendar-table-th-We"
    >
      We
    </th>
    <th
      data-testid="calendar-table-th-Th"
    >
      Th
    </th>
    <th
      data-testid="calendar-table-th-Fr"
    >
      Fr
    </th>
    <th
      data-testid="calendar-table-th-Sa"
    >
      Sa
    </th>
    <tbody>
      <tr>
        <td
          className="empty-calendar-day"
        />
        <td
          className="empty-calendar-day"
        />
        <td
          className="empty-calendar-day"
        />
        <td
          className="empty-calendar-day"
        />
        <td
          className="unavailable-calendar-day"
          data-testid="unavailable-calendar-day-1"
        >
          1
        </td>
        <td
          className="unavailable-calendar-day"
          data-testid="unavailable-calendar-day-2"
        >
          2
        </td>
        <td
          className="unavailable-calendar-day"
          data-testid="unavailable-calendar-day-3"
        >
          3
        </td>
      </tr>
      <tr>
        <td
          className="available-unselected-calendar-day"
          data-testid="available-unselected-calendar-day-4"
          onClick={[Function]}
          onMouseEnter={[Function]}
          onMouseLeave={[Function]}
        >
          4
        </td>
        <td
          className="available-unselected-calendar-day"
          data-testid="available-unselected-calendar-day-5"
          onClick={[Function]}
          onMouseEnter={[Function]}
          onMouseLeave={[Function]}
        >
          5
        </td>
        <td
          className="available-unselected-calendar-day"
          data-testid="available-unselected-calendar-day-6"
          onClick={[Function]}
          onMouseEnter={[Function]}
          onMouseLeave={[Function]}
        >
          6
        </td>
        <td
          className="available-unselected-calendar-day"
          data-testid="available-unselected-calendar-day-7"
          onClick={[Function]}
          onMouseEnter={[Function]}
          onMouseLeave={[Function]}
        >
          7
        </td>
        <td
          className="available-unselected-calendar-day"
          data-testid="available-unselected-calendar-day-8"
          onClick={[Function]}
          onMouseEnter={[Function]}
          onMouseLeave={[Function]}
        >
          8
        </td>
        <td
          className="available-unselected-calendar-day"
          data-testid="available-unselected-calendar-day-9"
          onClick={[Function]}
          onMouseEnter={[Function]}
          onMouseLeave={[Function]}
        >
          9
        </td>
        <td
          className="available-unselected-calendar-day"
          data-testid="available-unselected-calendar-day-10"
          onClick={[Function]}
          onMouseEnter={[Function]}
          onMouseLeave={[Function]}
        >
          10
        </td>
      </tr>
      <tr>
        <td
          className="available-unselected-calendar-day"
          data-testid="available-unselected-calendar-day-11"
          onClick={[Function]}
          onMouseEnter={[Function]}
          onMouseLeave={[Function]}
        >
          11
        </td>
        <td
          className="available-unselected-calendar-day"
          data-testid="available-unselected-calendar-day-12"
          onClick={[Function]}
          onMouseEnter={[Function]}
          onMouseLeave={[Function]}
        >
          12
        </td>
        <td
          className="available-unselected-calendar-day"
          data-testid="available-unselected-calendar-day-13"
          onClick={[Function]}
          onMouseEnter={[Function]}
          onMouseLeave={[Function]}
        >
          13
        </td>
        <td
          className="available-unselected-calendar-day"
          data-testid="available-unselected-calendar-day-14"
          onClick={[Function]}
          onMouseEnter={[Function]}
          onMouseLeave={[Function]}
        >
          14
        </td>
        <td
          className="available-unselected-calendar-day"
          data-testid="available-unselected-calendar-day-15"
          onClick={[Function]}
          onMouseEnter={[Function]}
          onMouseLeave={[Function]}
        >
          15
        </td>
        <td
          className="available-unselected-calendar-day"
          data-testid="available-unselected-calendar-day-16"
          onClick={[Function]}
          onMouseEnter={[Function]}
          onMouseLeave={[Function]}
        >
          16
        </td>
        <td
          className="available-unselected-calendar-day"
          data-testid="available-unselected-calendar-day-17"
          onClick={[Function]}
          onMouseEnter={[Function]}
          onMouseLeave={[Function]}
        >
          17
        </td>
      </tr>
      <tr>
        <td
          className="available-unselected-calendar-day"
          data-testid="available-unselected-calendar-day-18"
          onClick={[Function]}
          onMouseEnter={[Function]}
          onMouseLeave={[Function]}
        >
          18
        </td>
        <td
          className="available-unselected-calendar-day"
          data-testid="available-unselected-calendar-day-19"
          onClick={[Function]}
          onMouseEnter={[Function]}
          onMouseLeave={[Function]}
        >
          19
        </td>
        <td
          className="available-unselected-calendar-day"
          data-testid="available-unselected-calendar-day-20"
          onClick={[Function]}
          onMouseEnter={[Function]}
          onMouseLeave={[Function]}
        >
          20
        </td>
        <td
          className="available-unselected-calendar-day"
          data-testid="available-unselected-calendar-day-21"
          onClick={[Function]}
          onMouseEnter={[Function]}
          onMouseLeave={[Function]}
        >
          21
        </td>
        <td
          className="available-unselected-calendar-day"
          data-testid="available-unselected-calendar-day-22"
          onClick={[Function]}
          onMouseEnter={[Function]}
          onMouseLeave={[Function]}
        >
          22
        </td>
        <td
          className="available-unselected-calendar-day"
          data-testid="available-unselected-calendar-day-23"
          onClick={[Function]}
          onMouseEnter={[Function]}
          onMouseLeave={[Function]}
        >
          23
        </td>
        <td
          className="available-unselected-calendar-day"
          data-testid="available-unselected-calendar-day-24"
          onClick={[Function]}
          onMouseEnter={[Function]}
          onMouseLeave={[Function]}
        >
          24
        </td>
      </tr>
      <tr>
        <td
          className="available-unselected-calendar-day"
          data-testid="available-unselected-calendar-day-25"
          onClick={[Function]}
          onMouseEnter={[Function]}
          onMouseLeave={[Function]}
        >
          25
        </td>
        <td
          className="available-unselected-calendar-day"
          data-testid="available-unselected-calendar-day-26"
          onClick={[Function]}
          onMouseEnter={[Function]}
          onMouseLeave={[Function]}
        >
          26
        </td>
        <td
          className="available-unselected-calendar-day"
          data-testid="available-unselected-calendar-day-27"
          onClick={[Function]}
          onMouseEnter={[Function]}
          onMouseLeave={[Function]}
        >
          27
        </td>
        <td
          className="available-unselected-calendar-day"
          data-testid="available-unselected-calendar-day-28"
          onClick={[Function]}
          onMouseEnter={[Function]}
          onMouseLeave={[Function]}
        >
          28
        </td>
        <td
          className="available-unselected-calendar-day"
          data-testid="available-unselected-calendar-day-29"
          onClick={[Function]}
          onMouseEnter={[Function]}
          onMouseLeave={[Function]}
        >
          29
        </td>
        <td
          className="available-unselected-calendar-day"
          data-testid="available-unselected-calendar-day-30"
          onClick={[Function]}
          onMouseEnter={[Function]}
          onMouseLeave={[Function]}
        >
          30
        </td>
        <td
          className="empty-calendar-day"
        />
      </tr>
      <tr>
        <td
          className="empty-calendar-day"
        />
        <td
          className="empty-calendar-day"
        />
        <td
          className="empty-calendar-day"
        />
        <td
          className="empty-calendar-day"
        />
        <td
          className="empty-calendar-day"
        />
        <td
          className="empty-calendar-day"
        />
        <td
          className="empty-calendar-day"
        />
      </tr>
    </tbody>
  </table>
</div>
`;
